// Jest Snapshot v1, https://goo.gl/fbAQLP

exports[`RecipeEditView Component matches snapshot for RecipeEditView component if user is logged in 1`] = `
<DocumentFragment>
  <div>
    Rezept mit Id  konnte nicht gefunden werden.
  </div>
</DocumentFragment>
`;

exports[`RecipeEditView Component matches snapshot for RecipeEditView component if user is not logged in 1`] = `
<DocumentFragment>
  <div>
    Rezept mit Id  konnte nicht gefunden werden.
  </div>
</DocumentFragment>
`;
