// Jest Snapshot v1, https://goo.gl/fbAQLP

exports[`SurveyHub Component matches snapshot for SurveyHub component if user is logged in 1`] = `
<DocumentFragment>
  <div>
    <h1>
      Hier könnten Ihre Umfragen stehen, aber Sie sind nicht angemeldet!
    </h1>
  </div>
</DocumentFragment>
`;

exports[`SurveyHub Component matches snapshot for SurveyHub component if user is not logged in 1`] = `
<DocumentFragment>
  <div>
    <h1>
      Hier könnten Ihre Umfragen stehen, aber Sie sind nicht angemeldet!
    </h1>
  </div>
</DocumentFragment>
`;
