// Jest Snapshot v1, https://goo.gl/fbAQLP

exports[`ImageUrl Component renders with correct image 1`] = `
<DocumentFragment>
  <div
    class="mt-2"
  >
    <img
      alt="dish"
      src="https://via.placeholder.com/150"
      style="width: 300px; height: auto;"
    />
  </div>
</DocumentFragment>
`;

exports[`ImageUrl Component renders with invalid image 1`] = `
<DocumentFragment>
  <div
    class="mt-2"
  >
    <img
      alt="dish"
      src="https://via.placeholder.com/150"
      style="width: 300px; height: auto;"
    />
  </div>
</DocumentFragment>
`;
