// Jest Snapshot v1, https://goo.gl/fbAQLP

exports[`UncheckCheckbox Component renders with initial value 1`] = `
<DocumentFragment>
  <div
    class="form-check m-lg-4"
  >
    <input
      class="form-check-input"
      id="flexCheckDefault"
      type="checkbox"
      value=""
    />
    <label
      class="form-check-label"
      for="flexCheckChecked"
    />
  </div>
</DocumentFragment>
`;
